05-05-2026 00:41:47 [INF] application start
05-05-2026 00:41:47 [INF] Now listening on: https://localhost:7022
05-05-2026 00:41:47 [INF] Now listening on: http://localhost:5256
05-05-2026 00:41:47 [INF] Application started. Press Ctrl+C to shut down.
05-05-2026 00:41:47 [INF] Hosting environment: Development
05-05-2026 00:41:47 [INF] Content root path: C:\Users\diego\Desktop\.net\social-app\backend\api
05-05-2026 01:54:03 [INF] application start
05-05-2026 01:54:03 [INF] Now listening on: https://localhost:7022
05-05-2026 01:54:03 [INF] Now listening on: http://localhost:5256
05-05-2026 01:54:03 [INF] Application started. Press Ctrl+C to shut down.
05-05-2026 01:54:03 [INF] Hosting environment: Development
05-05-2026 01:54:03 [INF] Content root path: C:\Users\diego\Desktop\.net\social-app\backend\api
05-05-2026 02:03:14 [INF] application start
05-05-2026 02:03:14 [INF] Now listening on: https://localhost:7022
05-05-2026 02:03:14 [INF] Now listening on: http://localhost:5256
05-05-2026 02:03:14 [INF] Application started. Press Ctrl+C to shut down.
05-05-2026 02:03:14 [INF] Hosting environment: Development
05-05-2026 02:03:14 [INF] Content root path: C:\Users\diego\Desktop\.net\social-app\backend\api
05-05-2026 11:51:43 [INF] application start
05-05-2026 11:51:44 [INF] Now listening on: https://localhost:7022
05-05-2026 11:51:44 [INF] Now listening on: http://localhost:5256
05-05-2026 11:51:44 [INF] Application started. Press Ctrl+C to shut down.
05-05-2026 11:51:44 [INF] Hosting environment: Development
05-05-2026 11:51:44 [INF] Content root path: C:\Users\diego\Desktop\.net\social-app\backend\api
05-05-2026 11:54:00 [INF] user created: mario@email.com with ID 69f9be38426b8aec7f529291
05-05-2026 11:56:50 [INF] User 69f9be38426b8aec7f529291 updated
05-05-2026 11:59:09 [INF] User 69f9be38426b8aec7f529291 started following 69f8a5127060c950b629e975
05-05-2026 12:09:23 [INF] User 69f9be38426b8aec7f529291 deleted their account
05-05-2026 15:58:24 [INF] application start
05-05-2026 15:58:25 [INF] Now listening on: https://localhost:7022
05-05-2026 15:58:25 [INF] Now listening on: http://localhost:5256
05-05-2026 15:58:25 [INF] Application started. Press Ctrl+C to shut down.
05-05-2026 15:58:25 [INF] Hosting environment: Development
05-05-2026 15:58:25 [INF] Content root path: C:\Users\diego\Desktop\.net\social-app\backend\api
05-05-2026 16:15:18 [INF] application start
05-05-2026 16:15:18 [INF] Now listening on: https://localhost:7022
05-05-2026 16:15:18 [INF] Now listening on: http://localhost:5256
05-05-2026 16:15:18 [INF] Application started. Press Ctrl+C to shut down.
05-05-2026 16:15:18 [INF] Hosting environment: Development
05-05-2026 16:15:18 [INF] Content root path: C:\Users\diego\Desktop\.net\social-app\backend\api
05-05-2026 16:16:12 [INF] user created: mario@email.com with ID 69f9fbac4e1cb522a37832c2
05-05-2026 16:19:00 [INF] Message sent from 69f9fbac4e1cb522a37832c2 to 69f8a5127060c950b629e975
05-05-2026 16:24:01 [INF] application start
05-05-2026 16:24:01 [INF] Now listening on: https://localhost:7022
05-05-2026 16:24:01 [INF] Now listening on: http://localhost:5256
05-05-2026 16:24:01 [INF] Application started. Press Ctrl+C to shut down.
05-05-2026 16:24:01 [INF] Hosting environment: Development
05-05-2026 16:24:01 [INF] Content root path: C:\Users\diego\Desktop\.net\social-app\backend\api
05-05-2026 16:48:12 [INF] application start
05-05-2026 16:48:12 [INF] Now listening on: https://localhost:7022
05-05-2026 16:48:12 [INF] Now listening on: http://localhost:5256
05-05-2026 16:48:12 [INF] Application started. Press Ctrl+C to shut down.
05-05-2026 16:48:12 [INF] Hosting environment: Development
05-05-2026 16:48:12 [INF] Content root path: C:\Users\diego\Desktop\.net\social-app\backend\api
05-05-2026 17:02:25 [INF] application start
05-05-2026 17:02:25 [INF] Now listening on: https://localhost:7022
05-05-2026 17:02:25 [INF] Now listening on: http://localhost:5256
05-05-2026 17:02:25 [INF] Application started. Press Ctrl+C to shut down.
05-05-2026 17:02:25 [INF] Hosting environment: Development
05-05-2026 17:02:25 [INF] Content root path: C:\Users\diego\Desktop\.net\social-app\backend\api
05-05-2026 17:31:26 [INF] application start
05-05-2026 17:31:26 [INF] Now listening on: https://localhost:7022
05-05-2026 17:31:26 [INF] Now listening on: http://localhost:5256
05-05-2026 17:31:27 [INF] Application started. Press Ctrl+C to shut down.
05-05-2026 17:31:27 [INF] Hosting environment: Development
05-05-2026 17:31:27 [INF] Content root path: C:\Users\diego\Desktop\.net\social-app\backend\api
05-05-2026 17:34:59 [INF] application start
05-05-2026 17:34:59 [INF] Now listening on: https://localhost:7022
05-05-2026 17:34:59 [INF] Now listening on: http://localhost:5256
05-05-2026 17:34:59 [INF] Application started. Press Ctrl+C to shut down.
05-05-2026 17:34:59 [INF] Hosting environment: Development
05-05-2026 17:34:59 [INF] Content root path: C:\Users\diego\Desktop\.net\social-app\backend\api
05-05-2026 17:46:50 [INF] application start
05-05-2026 17:46:51 [INF] Now listening on: https://localhost:7022
05-05-2026 17:46:51 [INF] Now listening on: http://localhost:5256
05-05-2026 17:46:51 [INF] Application started. Press Ctrl+C to shut down.
05-05-2026 17:46:51 [INF] Hosting environment: Development
05-05-2026 17:46:51 [INF] Content root path: C:\Users\diego\Desktop\.net\social-app\backend\api
05-05-2026 17:47:43 [INF] application start
05-05-2026 17:47:43 [INF] Now listening on: https://localhost:7022
05-05-2026 17:47:43 [INF] Now listening on: http://localhost:5256
05-05-2026 17:47:44 [INF] Application started. Press Ctrl+C to shut down.
05-05-2026 17:47:44 [INF] Hosting environment: Development
05-05-2026 17:47:44 [INF] Content root path: C:\Users\diego\Desktop\.net\social-app\backend\api
