04-05-2026 15:04:56 [INF] application start
04-05-2026 15:04:56 [INF] Now listening on: https://localhost:7022
04-05-2026 15:04:56 [INF] Now listening on: http://localhost:5256
04-05-2026 15:04:56 [INF] Application started. Press Ctrl+C to shut down.
04-05-2026 15:04:56 [INF] Hosting environment: Development
04-05-2026 15:04:56 [INF] Content root path: C:\Users\diego\Desktop\.net\social-app\backend\api
04-05-2026 15:05:13 [INF] Application is shutting down...
04-05-2026 15:44:07 [INF] application start
04-05-2026 15:44:07 [INF] Now listening on: https://localhost:7022
04-05-2026 15:44:07 [INF] Now listening on: http://localhost:5256
04-05-2026 15:44:07 [INF] Application started. Press Ctrl+C to shut down.
04-05-2026 15:44:07 [INF] Hosting environment: Development
04-05-2026 15:44:07 [INF] Content root path: C:\Users\diego\Desktop\.net\social-app\backend\api
04-05-2026 15:54:05 [INF] application start
04-05-2026 15:54:05 [INF] Now listening on: https://localhost:7022
04-05-2026 15:54:05 [INF] Now listening on: http://localhost:5256
04-05-2026 15:54:05 [INF] Application started. Press Ctrl+C to shut down.
04-05-2026 15:54:05 [INF] Hosting environment: Development
04-05-2026 15:54:05 [INF] Content root path: C:\Users\diego\Desktop\.net\social-app\backend\api
04-05-2026 15:54:26 [INF] user created: diego@email.com with ID 69f8a5127060c950b629e975
04-05-2026 17:24:54 [INF] application start
04-05-2026 17:24:54 [INF] Now listening on: https://localhost:7022
04-05-2026 17:24:54 [INF] Now listening on: http://localhost:5256
04-05-2026 17:24:54 [INF] Application started. Press Ctrl+C to shut down.
04-05-2026 17:24:54 [INF] Hosting environment: Development
04-05-2026 17:24:54 [INF] Content root path: C:\Users\diego\Desktop\.net\social-app\backend\api
04-05-2026 17:29:39 [INF] application start
04-05-2026 17:29:39 [INF] Now listening on: https://localhost:7022
04-05-2026 17:29:39 [INF] Now listening on: http://localhost:5256
04-05-2026 17:29:39 [INF] Application started. Press Ctrl+C to shut down.
04-05-2026 17:29:39 [INF] Hosting environment: Development
04-05-2026 17:29:39 [INF] Content root path: C:\Users\diego\Desktop\.net\social-app\backend\api
04-05-2026 18:20:59 [INF] application start
04-05-2026 18:20:59 [INF] Now listening on: https://localhost:7022
04-05-2026 18:20:59 [INF] Now listening on: http://localhost:5256
04-05-2026 18:20:59 [INF] Application started. Press Ctrl+C to shut down.
04-05-2026 18:20:59 [INF] Hosting environment: Development
04-05-2026 18:20:59 [INF] Content root path: C:\Users\diego\Desktop\.net\social-app\backend\api
04-05-2026 18:26:20 [INF] application start
04-05-2026 18:26:20 [INF] Now listening on: https://localhost:7022
04-05-2026 18:26:20 [INF] Now listening on: http://localhost:5256
04-05-2026 18:26:20 [INF] Application started. Press Ctrl+C to shut down.
04-05-2026 18:26:20 [INF] Hosting environment: Development
04-05-2026 18:26:20 [INF] Content root path: C:\Users\diego\Desktop\.net\social-app\backend\api
04-05-2026 23:31:31 [INF] application start
04-05-2026 23:31:31 [INF] Now listening on: https://localhost:7022
04-05-2026 23:31:31 [INF] Now listening on: http://localhost:5256
04-05-2026 23:31:31 [INF] Application started. Press Ctrl+C to shut down.
04-05-2026 23:31:31 [INF] Hosting environment: Development
04-05-2026 23:31:31 [INF] Content root path: C:\Users\diego\Desktop\.net\social-app\backend\api
04-05-2026 23:38:34 [ERR] Unhandled exception occurred
System.InvalidOperationException: Unable to resolve service for type 'api.Services.PostService' while attempting to activate 'api.Controllers.PostController'.
   at Microsoft.Extensions.DependencyInjection.ActivatorUtilities.ThrowHelperUnableToResolveService(Type type, Type requiredBy)
   at lambda_method26(Closure, IServiceProvider, Object[])
   at Microsoft.AspNetCore.Mvc.Controllers.ControllerFactoryProvider.<>c__DisplayClass6_0.<CreateControllerFactory>g__CreateController|0(ControllerContext controllerContext)
   at Microsoft.AspNetCore.Mvc.Infrastructure.ControllerActionInvoker.Next(State& next, Scope& scope, Object& state, Boolean& isCompleted)
   at Microsoft.AspNetCore.Mvc.Infrastructure.ControllerActionInvoker.InvokeInnerFilterAsync()
--- End of stack trace from previous location ---
   at Microsoft.AspNetCore.Mvc.Infrastructure.ResourceInvoker.<InvokeNextExceptionFilterAsync>g__Awaited|26_0(ResourceInvoker invoker, Task lastTask, State next, Scope scope, Object state, Boolean isCompleted)
04-05-2026 23:39:55 [INF] application start
04-05-2026 23:39:55 [INF] Now listening on: https://localhost:7022
04-05-2026 23:39:55 [INF] Now listening on: http://localhost:5256
04-05-2026 23:39:55 [INF] Application started. Press Ctrl+C to shut down.
04-05-2026 23:39:55 [INF] Hosting environment: Development
04-05-2026 23:39:55 [INF] Content root path: C:\Users\diego\Desktop\.net\social-app\backend\api
04-05-2026 23:40:07 [INF] Post 69f912379971745b4c40361c created by user 69f8a5127060c950b629e975
04-05-2026 23:52:32 [INF] application start
04-05-2026 23:52:32 [INF] Now listening on: https://localhost:7022
04-05-2026 23:52:32 [INF] Now listening on: http://localhost:5256
04-05-2026 23:52:32 [INF] Application started. Press Ctrl+C to shut down.
04-05-2026 23:52:32 [INF] Hosting environment: Development
04-05-2026 23:52:32 [INF] Content root path: C:\Users\diego\Desktop\.net\social-app\backend\api
